2026-09-23 10:09:57,521 [Worker-2: Loading available Gradle versions] INFO  o.e.b.c.i.u.g.PublishedGradleVersions - Gradle version information cache is not available. Remote download required.
2026-09-23 10:10:55,617 [ModalContext] INFO  o.e.m.c.i.e.AbstractTransferListenerAdapter - Downloading https://repo.maven.apache.org/maven2/org/apache/maven/archetypes/maven-archetype-quickstart/1.1/maven-archetype-quickstart-1.1.pom
2026-09-23 10:10:55,658 [ModalContext] INFO  o.e.m.c.i.e.AbstractTransferListenerAdapter - Downloaded https://repo.maven.apache.org/maven2/org/apache/maven/archetypes/maven-archetype-quickstart/1.1/maven-archetype-quickstart-1.1.pom
2026-09-23 10:10:55,718 [ModalContext] INFO  o.e.m.c.i.e.AbstractTransferListenerAdapter - Downloading https://repo.maven.apache.org/maven2/org/apache/maven/archetypes/maven-archetype-bundles/4/maven-archetype-bundles-4.pom
2026-09-23 10:10:55,739 [ModalContext] INFO  o.e.m.c.i.e.AbstractTransferListenerAdapter - Downloaded https://repo.maven.apache.org/maven2/org/apache/maven/archetypes/maven-archetype-bundles/4/maven-archetype-bundles-4.pom
2026-09-23 10:10:55,788 [ModalContext] INFO  o.e.m.c.i.e.AbstractTransferListenerAdapter - Downloading https://repo.maven.apache.org/maven2/org/apache/maven/archetype/maven-archetype/2.0-alpha-5/maven-archetype-2.0-alpha-5.pom
2026-09-23 10:10:55,820 [ModalContext] INFO  o.e.m.c.i.e.AbstractTransferListenerAdapter - Downloaded https://repo.maven.apache.org/maven2/org/apache/maven/archetype/maven-archetype/2.0-alpha-5/maven-archetype-2.0-alpha-5.pom
2026-09-23 10:10:55,872 [ModalContext] INFO  o.e.m.c.i.e.AbstractTransferListenerAdapter - Downloading https://repo.maven.apache.org/maven2/org/apache/maven/maven-parent/16/maven-parent-16.pom
2026-09-23 10:10:55,921 [ModalContext] INFO  o.e.m.c.i.e.AbstractTransferListenerAdapter - Downloaded https://repo.maven.apache.org/maven2/org/apache/maven/maven-parent/16/maven-parent-16.pom
2026-09-23 10:10:55,975 [ModalContext] INFO  o.e.m.c.i.e.AbstractTransferListenerAdapter - Downloading https://repo.maven.apache.org/maven2/org/apache/apache/7/apache-7.pom
2026-09-23 10:10:56,009 [ModalContext] INFO  o.e.m.c.i.e.AbstractTransferListenerAdapter - Downloaded https://repo.maven.apache.org/maven2/org/apache/apache/7/apache-7.pom
2026-09-23 10:10:56,066 [ModalContext] INFO  o.e.m.c.i.e.AbstractTransferListenerAdapter - Downloading https://repo.maven.apache.org/maven2/org/apache/maven/archetypes/maven-archetype-quickstart/1.1/maven-archetype-quickstart-1.1.jar
2026-09-23 10:10:56,140 [ModalContext] INFO  o.e.m.c.i.e.AbstractTransferListenerAdapter - Downloaded https://repo.maven.apache.org/maven2/org/apache/maven/archetypes/maven-archetype-quickstart/1.1/maven-archetype-quickstart-1.1.jar
2026-09-23 10:13:06,132 [Worker-4: Launching mavenrun-2e450a53-1d70-4f85-b526-47f0d68ce82d] INFO  o.eclipse.m2e.core.internal.Bundles - getClasspathEntries(Bundle=org.eclipse.m2e.maven.runtime_3.9.1601.20260722-2149 [307])
2026-09-23 10:13:06,133 [Worker-4: Launching mavenrun-2e450a53-1d70-4f85-b526-47f0d68ce82d] INFO  o.eclipse.m2e.core.internal.Bundles - 	Entry: C:\Users\josef\AppData\Local\Programs\Eclipse\eclipse\plugins\org.eclipse.m2e.maven.runtime_3.9.1601.20260722-2149
2026-09-23 10:13:06,134 [Worker-4: Launching mavenrun-2e450a53-1d70-4f85-b526-47f0d68ce82d] INFO  o.eclipse.m2e.core.internal.Bundles - 	Entry: C:\Users\josef\AppData\Local\Programs\Eclipse\eclipse\plugins\org.eclipse.m2e.maven.runtime_3.9.1601.20260722-2149\jars\aopalliance-1.0.jar
2026-09-23 10:13:06,134 [Worker-4: Launching mavenrun-2e450a53-1d70-4f85-b526-47f0d68ce82d] INFO  o.eclipse.m2e.core.internal.Bundles - 	Entry: C:\Users\josef\AppData\Local\Programs\Eclipse\eclipse\plugins\org.eclipse.m2e.maven.runtime_3.9.1601.20260722-2149\jars\asm-9.9.1.jar
2026-09-23 10:13:06,134 [Worker-4: Launching mavenrun-2e450a53-1d70-4f85-b526-47f0d68ce82d] INFO  o.eclipse.m2e.core.internal.Bundles - 	Entry: C:\Users\josef\AppData\Local\Programs\Eclipse\eclipse\plugins\org.eclipse.m2e.maven.runtime_3.9.1601.20260722-2149\jars\error_prone_annotations-2.41.0.jar
2026-09-23 10:13:06,135 [Worker-4: Launching mavenrun-2e450a53-1d70-4f85-b526-47f0d68ce82d] INFO  o.eclipse.m2e.core.internal.Bundles - 	Entry: C:\Users\josef\AppData\Local\Programs\Eclipse\eclipse\plugins\org.eclipse.m2e.maven.runtime_3.9.1601.20260722-2149\jars\gson-2.13.2.jar
2026-09-23 10:13:06,135 [Worker-4: Launching mavenrun-2e450a53-1d70-4f85-b526-47f0d68ce82d] INFO  o.eclipse.m2e.core.internal.Bundles - 	Entry: C:\Users\josef\AppData\Local\Programs\Eclipse\eclipse\plugins\org.eclipse.m2e.maven.runtime_3.9.1601.20260722-2149\jars\guice-5.1.0-classes.jar
2026-09-23 10:13:06,135 [Worker-4: Launching mavenrun-2e450a53-1d70-4f85-b526-47f0d68ce82d] INFO  o.eclipse.m2e.core.internal.Bundles - 	Entry: C:\Users\josef\AppData\Local\Programs\Eclipse\eclipse\plugins\org.eclipse.m2e.maven.runtime_3.9.1601.20260722-2149\jars\httpclient-4.5.14.jar
2026-09-23 10:13:06,135 [Worker-4: Launching mavenrun-2e450a53-1d70-4f85-b526-47f0d68ce82d] INFO  o.eclipse.m2e.core.internal.Bundles - 	Entry: C:\Users\josef\AppData\Local\Programs\Eclipse\eclipse\plugins\org.eclipse.m2e.maven.runtime_3.9.1601.20260722-2149\jars\httpcore-4.4.16.jar
2026-09-23 10:13:06,135 [Worker-4: Launching mavenrun-2e450a53-1d70-4f85-b526-47f0d68ce82d] INFO  o.eclipse.m2e.core.internal.Bundles - 	Entry: C:\Users\josef\AppData\Local\Programs\Eclipse\eclipse\plugins\org.eclipse.m2e.maven.runtime_3.9.1601.20260722-2149\jars\jansi-2.4.3.jar
2026-09-23 10:13:06,135 [Worker-4: Launching mavenrun-2e450a53-1d70-4f85-b526-47f0d68ce82d] INFO  o.eclipse.m2e.core.internal.Bundles - 	Entry: C:\Users\josef\AppData\Local\Programs\Eclipse\eclipse\plugins\org.eclipse.m2e.maven.runtime_3.9.1601.20260722-2149\jars\jcl-over-slf4j-2.0.18.jar
2026-09-23 10:13:06,135 [Worker-4: Launching mavenrun-2e450a53-1d70-4f85-b526-47f0d68ce82d] INFO  o.eclipse.m2e.core.internal.Bundles - 	Entry: C:\Users\josef\AppData\Local\Programs\Eclipse\eclipse\plugins\org.eclipse.m2e.maven.runtime_3.9.1601.20260722-2149\jars\maven-artifact-3.9.16.jar
2026-09-23 10:13:06,135 [Worker-4: Launching mavenrun-2e450a53-1d70-4f85-b526-47f0d68ce82d] INFO  o.eclipse.m2e.core.internal.Bundles - 	Entry: C:\Users\josef\AppData\Local\Programs\Eclipse\eclipse\plugins\org.eclipse.m2e.maven.runtime_3.9.1601.20260722-2149\jars\maven-builder-support-3.9.16.jar
2026-09-23 10:13:06,135 [Worker-4: Launching mavenrun-2e450a53-1d70-4f85-b526-47f0d68ce82d] INFO  o.eclipse.m2e.core.internal.Bundles - 	Entry: C:\Users\josef\AppData\Local\Programs\Eclipse\eclipse\plugins\org.eclipse.m2e.maven.runtime_3.9.1601.20260722-2149\jars\maven-compat-3.9.16.jar
2026-09-23 10:13:06,135 [Worker-4: Launching mavenrun-2e450a53-1d70-4f85-b526-47f0d68ce82d] INFO  o.eclipse.m2e.core.internal.Bundles - 	Entry: C:\Users\josef\AppData\Local\Programs\Eclipse\eclipse\plugins\org.eclipse.m2e.maven.runtime_3.9.1601.20260722-2149\jars\maven-core-3.9.16.jar
2026-09-23 10:13:06,135 [Worker-4: Launching mavenrun-2e450a53-1d70-4f85-b526-47f0d68ce82d] INFO  o.eclipse.m2e.core.internal.Bundles - 	Entry: C:\Users\josef\AppData\Local\Programs\Eclipse\eclipse\plugins\org.eclipse.m2e.maven.runtime_3.9.1601.20260722-2149\jars\maven-embedder-3.9.16.jar
2026-09-23 10:13:06,135 [Worker-4: Launching mavenrun-2e450a53-1d70-4f85-b526-47f0d68ce82d] INFO  o.eclipse.m2e.core.internal.Bundles - 	Entry: C:\Users\josef\AppData\Local\Programs\Eclipse\eclipse\plugins\org.eclipse.m2e.maven.runtime_3.9.1601.20260722-2149\jars\maven-model-3.9.16.jar
2026-09-23 10:13:06,136 [Worker-4: Launching mavenrun-2e450a53-1d70-4f85-b526-47f0d68ce82d] INFO  o.eclipse.m2e.core.internal.Bundles - 	Entry: C:\Users\josef\AppData\Local\Programs\Eclipse\eclipse\plugins\org.eclipse.m2e.maven.runtime_3.9.1601.20260722-2149\jars\maven-model-builder-3.9.16.jar
2026-09-23 10:13:06,136 [Worker-4: Launching mavenrun-2e450a53-1d70-4f85-b526-47f0d68ce82d] INFO  o.eclipse.m2e.core.internal.Bundles - 	Entry: C:\Users\josef\AppData\Local\Programs\Eclipse\eclipse\plugins\org.eclipse.m2e.maven.runtime_3.9.1601.20260722-2149\jars\maven-plugin-api-3.9.16.jar
2026-09-23 10:13:06,136 [Worker-4: Launching mavenrun-2e450a53-1d70-4f85-b526-47f0d68ce82d] INFO  o.eclipse.m2e.core.internal.Bundles - 	Entry: C:\Users\josef\AppData\Local\Programs\Eclipse\eclipse\plugins\org.eclipse.m2e.maven.runtime_3.9.1601.20260722-2149\jars\maven-repository-metadata-3.9.16.jar
2026-09-23 10:13:06,136 [Worker-4: Launching mavenrun-2e450a53-1d70-4f85-b526-47f0d68ce82d] INFO  o.eclipse.m2e.core.internal.Bundles - 	Entry: C:\Users\josef\AppData\Local\Programs\Eclipse\eclipse\plugins\org.eclipse.m2e.maven.runtime_3.9.1601.20260722-2149\jars\maven-resolver-api-1.9.27.jar
2026-09-23 10:13:06,136 [Worker-4: Launching mavenrun-2e450a53-1d70-4f85-b526-47f0d68ce82d] INFO  o.eclipse.m2e.core.internal.Bundles - 	Entry: C:\Users\josef\AppData\Local\Programs\Eclipse\eclipse\plugins\org.eclipse.m2e.maven.runtime_3.9.1601.20260722-2149\jars\maven-resolver-connector-basic-1.9.27.jar
2026-09-23 10:13:06,137 [Worker-4: Launching mavenrun-2e450a53-1d70-4f85-b526-47f0d68ce82d] INFO  o.eclipse.m2e.core.internal.Bundles - 	Entry: C:\Users\josef\AppData\Local\Programs\Eclipse\eclipse\plugins\org.eclipse.m2e.maven.runtime_3.9.1601.20260722-2149\jars\maven-resolver-impl-1.9.27.jar
2026-09-23 10:13:06,137 [Worker-4: Launching mavenrun-2e450a53-1d70-4f85-b526-47f0d68ce82d] INFO  o.eclipse.m2e.core.internal.Bundles - 	Entry: C:\Users\josef\AppData\Local\Programs\Eclipse\eclipse\plugins\org.eclipse.m2e.maven.runtime_3.9.1601.20260722-2149\jars\maven-resolver-named-locks-1.9.27.jar
2026-09-23 10:13:06,137 [Worker-4: Launching mavenrun-2e450a53-1d70-4f85-b526-47f0d68ce82d] INFO  o.eclipse.m2e.core.internal.Bundles - 	Entry: C:\Users\josef\AppData\Local\Programs\Eclipse\eclipse\plugins\org.eclipse.m2e.maven.runtime_3.9.1601.20260722-2149\jars\maven-resolver-provider-3.9.16.jar
2026-09-23 10:13:06,137 [Worker-4: Launching mavenrun-2e450a53-1d70-4f85-b526-47f0d68ce82d] INFO  o.eclipse.m2e.core.internal.Bundles - 	Entry: C:\Users\josef\AppData\Local\Programs\Eclipse\eclipse\plugins\org.eclipse.m2e.maven.runtime_3.9.1601.20260722-2149\jars\maven-resolver-spi-1.9.27.jar
2026-09-23 10:13:06,137 [Worker-4: Launching mavenrun-2e450a53-1d70-4f85-b526-47f0d68ce82d] INFO  o.eclipse.m2e.core.internal.Bundles - 	Entry: C:\Users\josef\AppData\Local\Programs\Eclipse\eclipse\plugins\org.eclipse.m2e.maven.runtime_3.9.1601.20260722-2149\jars\maven-resolver-transport-file-1.9.27.jar
2026-09-23 10:13:06,137 [Worker-4: Launching mavenrun-2e450a53-1d70-4f85-b526-47f0d68ce82d] INFO  o.eclipse.m2e.core.internal.Bundles - 	Entry: C:\Users\josef\AppData\Local\Programs\Eclipse\eclipse\plugins\org.eclipse.m2e.maven.runtime_3.9.1601.20260722-2149\jars\maven-resolver-transport-http-1.9.27.jar
2026-09-23 10:13:06,137 [Worker-4: Launching mavenrun-2e450a53-1d70-4f85-b526-47f0d68ce82d] INFO  o.eclipse.m2e.core.internal.Bundles - 	Entry: C:\Users\josef\AppData\Local\Programs\Eclipse\eclipse\plugins\org.eclipse.m2e.maven.runtime_3.9.1601.20260722-2149\jars\maven-resolver-transport-wagon-1.9.27.jar
2026-09-23 10:13:06,138 [Worker-4: Launching mavenrun-2e450a53-1d70-4f85-b526-47f0d68ce82d] INFO  o.eclipse.m2e.core.internal.Bundles - 	Entry: C:\Users\josef\AppData\Local\Programs\Eclipse\eclipse\plugins\org.eclipse.m2e.maven.runtime_3.9.1601.20260722-2149\jars\maven-resolver-util-1.9.27.jar
2026-09-23 10:13:06,138 [Worker-4: Launching mavenrun-2e450a53-1d70-4f85-b526-47f0d68ce82d] INFO  o.eclipse.m2e.core.internal.Bundles - 	Entry: C:\Users\josef\AppData\Local\Programs\Eclipse\eclipse\plugins\org.eclipse.m2e.maven.runtime_3.9.1601.20260722-2149\jars\maven-settings-3.9.16.jar
2026-09-23 10:13:06,138 [Worker-4: Launching mavenrun-2e450a53-1d70-4f85-b526-47f0d68ce82d] INFO  o.eclipse.m2e.core.internal.Bundles - 	Entry: C:\Users\josef\AppData\Local\Programs\Eclipse\eclipse\plugins\org.eclipse.m2e.maven.runtime_3.9.1601.20260722-2149\jars\maven-settings-builder-3.9.16.jar
2026-09-23 10:13:06,138 [Worker-4: Launching mavenrun-2e450a53-1d70-4f85-b526-47f0d68ce82d] INFO  o.eclipse.m2e.core.internal.Bundles - 	Entry: C:\Users\josef\AppData\Local\Programs\Eclipse\eclipse\plugins\org.eclipse.m2e.maven.runtime_3.9.1601.20260722-2149\jars\maven-shared-utils-3.4.2.jar
2026-09-23 10:13:06,138 [Worker-4: Launching mavenrun-2e450a53-1d70-4f85-b526-47f0d68ce82d] INFO  o.eclipse.m2e.core.internal.Bundles - 	Entry: C:\Users\josef\AppData\Local\Programs\Eclipse\eclipse\plugins\org.eclipse.m2e.maven.runtime_3.9.1601.20260722-2149\jars\org.eclipse.sisu.inject-1.0.0.jar
2026-09-23 10:13:06,138 [Worker-4: Launching mavenrun-2e450a53-1d70-4f85-b526-47f0d68ce82d] INFO  o.eclipse.m2e.core.internal.Bundles - 	Entry: C:\Users\josef\AppData\Local\Programs\Eclipse\eclipse\plugins\org.eclipse.m2e.maven.runtime_3.9.1601.20260722-2149\jars\org.eclipse.sisu.plexus-1.0.0.jar
2026-09-23 10:13:06,139 [Worker-4: Launching mavenrun-2e450a53-1d70-4f85-b526-47f0d68ce82d] INFO  o.eclipse.m2e.core.internal.Bundles - 	Entry: C:\Users\josef\AppData\Local\Programs\Eclipse\eclipse\plugins\org.eclipse.m2e.maven.runtime_3.9.1601.20260722-2149\jars\plexus-build-api-0.0.7.jar
2026-09-23 10:13:06,139 [Worker-4: Launching mavenrun-2e450a53-1d70-4f85-b526-47f0d68ce82d] INFO  o.eclipse.m2e.core.internal.Bundles - 	Entry: C:\Users\josef\AppData\Local\Programs\Eclipse\eclipse\plugins\org.eclipse.m2e.maven.runtime_3.9.1601.20260722-2149\jars\plexus-build-api-1.2.0.jar
2026-09-23 10:13:06,139 [Worker-4: Launching mavenrun-2e450a53-1d70-4f85-b526-47f0d68ce82d] INFO  o.eclipse.m2e.core.internal.Bundles - 	Entry: C:\Users\josef\AppData\Local\Programs\Eclipse\eclipse\plugins\org.eclipse.m2e.maven.runtime_3.9.1601.20260722-2149\jars\plexus-cipher-2.0.jar
2026-09-23 10:13:06,140 [Worker-4: Launching mavenrun-2e450a53-1d70-4f85-b526-47f0d68ce82d] INFO  o.eclipse.m2e.core.internal.Bundles - 	Entry: C:\Users\josef\AppData\Local\Programs\Eclipse\eclipse\plugins\org.eclipse.m2e.maven.runtime_3.9.1601.20260722-2149\jars\plexus-classworlds-2.11.0.jar
2026-09-23 10:13:06,140 [Worker-4: Launching mavenrun-2e450a53-1d70-4f85-b526-47f0d68ce82d] INFO  o.eclipse.m2e.core.internal.Bundles - 	Entry: C:\Users\josef\AppData\Local\Programs\Eclipse\eclipse\plugins\org.eclipse.m2e.maven.runtime_3.9.1601.20260722-2149\jars\plexus-component-annotations-2.2.0.jar
2026-09-23 10:13:06,140 [Worker-4: Launching mavenrun-2e450a53-1d70-4f85-b526-47f0d68ce82d] INFO  o.eclipse.m2e.core.internal.Bundles - 	Entry: C:\Users\josef\AppData\Local\Programs\Eclipse\eclipse\plugins\org.eclipse.m2e.maven.runtime_3.9.1601.20260722-2149\jars\plexus-interpolation-1.29.jar
2026-09-23 10:13:06,140 [Worker-4: Launching mavenrun-2e450a53-1d70-4f85-b526-47f0d68ce82d] INFO  o.eclipse.m2e.core.internal.Bundles - 	Entry: C:\Users\josef\AppData\Local\Programs\Eclipse\eclipse\plugins\org.eclipse.m2e.maven.runtime_3.9.1601.20260722-2149\jars\plexus-sec-dispatcher-2.0.jar
2026-09-23 10:13:06,140 [Worker-4: Launching mavenrun-2e450a53-1d70-4f85-b526-47f0d68ce82d] INFO  o.eclipse.m2e.core.internal.Bundles - 	Entry: C:\Users\josef\AppData\Local\Programs\Eclipse\eclipse\plugins\org.eclipse.m2e.maven.runtime_3.9.1601.20260722-2149\jars\plexus-utils-3.6.1.jar
2026-09-23 10:13:06,140 [Worker-4: Launching mavenrun-2e450a53-1d70-4f85-b526-47f0d68ce82d] INFO  o.eclipse.m2e.core.internal.Bundles - 	Entry: C:\Users\josef\AppData\Local\Programs\Eclipse\eclipse\plugins\org.eclipse.m2e.maven.runtime_3.9.1601.20260722-2149\jars\wagon-file-3.5.3.jar
2026-09-23 10:13:06,140 [Worker-4: Launching mavenrun-2e450a53-1d70-4f85-b526-47f0d68ce82d] INFO  o.eclipse.m2e.core.internal.Bundles - 	Entry: C:\Users\josef\AppData\Local\Programs\Eclipse\eclipse\plugins\org.eclipse.m2e.maven.runtime_3.9.1601.20260722-2149\jars\wagon-http-3.5.3.jar
2026-09-23 10:13:06,141 [Worker-4: Launching mavenrun-2e450a53-1d70-4f85-b526-47f0d68ce82d] INFO  o.eclipse.m2e.core.internal.Bundles - 	Entry: C:\Users\josef\AppData\Local\Programs\Eclipse\eclipse\plugins\org.eclipse.m2e.maven.runtime_3.9.1601.20260722-2149\jars\wagon-http-shared-3.5.3.jar
2026-09-23 10:13:06,141 [Worker-4: Launching mavenrun-2e450a53-1d70-4f85-b526-47f0d68ce82d] INFO  o.eclipse.m2e.core.internal.Bundles - 	Entry: C:\Users\josef\AppData\Local\Programs\Eclipse\eclipse\plugins\org.eclipse.m2e.maven.runtime_3.9.1601.20260722-2149\jars\wagon-provider-api-3.5.3.jar
2026-09-23 10:13:06,142 [Worker-4: Launching mavenrun-2e450a53-1d70-4f85-b526-47f0d68ce82d] INFO  o.eclipse.m2e.core.internal.Bundles - getClasspathEntries(Bundle=com.google.guava_33.7.1.jre [14])
2026-09-23 10:13:06,143 [Worker-4: Launching mavenrun-2e450a53-1d70-4f85-b526-47f0d68ce82d] INFO  o.eclipse.m2e.core.internal.Bundles - 	Entry: C:\Users\josef\AppData\Local\Programs\Eclipse\eclipse\plugins\com.google.guava_33.7.1.jre.jar
2026-09-23 10:13:06,143 [Worker-4: Launching mavenrun-2e450a53-1d70-4f85-b526-47f0d68ce82d] INFO  o.eclipse.m2e.core.internal.Bundles - getClasspathEntries(Bundle=slf4j.api_2.0.18 [531])
2026-09-23 10:13:06,143 [Worker-4: Launching mavenrun-2e450a53-1d70-4f85-b526-47f0d68ce82d] INFO  o.eclipse.m2e.core.internal.Bundles - 	Entry: C:\Users\josef\AppData\Local\Programs\Eclipse\eclipse\plugins\slf4j.api_2.0.18.jar
2026-09-23 10:13:06,145 [Worker-4: Launching mavenrun-2e450a53-1d70-4f85-b526-47f0d68ce82d] INFO  o.eclipse.m2e.core.internal.Bundles - getClasspathEntries(Bundle=jakarta.inject.jakarta.inject-api_1.0.5 [26])
2026-09-23 10:13:06,145 [Worker-4: Launching mavenrun-2e450a53-1d70-4f85-b526-47f0d68ce82d] INFO  o.eclipse.m2e.core.internal.Bundles - 	Entry: C:\Users\josef\AppData\Local\Programs\Eclipse\eclipse\plugins\jakarta.inject.jakarta.inject-api_1.0.5.jar
2026-09-23 10:13:06,145 [Worker-4: Launching mavenrun-2e450a53-1d70-4f85-b526-47f0d68ce82d] INFO  o.eclipse.m2e.core.internal.Bundles - getClasspathEntries(Bundle=jakarta.annotation-api_1.3.5 [24])
2026-09-23 10:13:06,146 [Worker-4: Launching mavenrun-2e450a53-1d70-4f85-b526-47f0d68ce82d] INFO  o.eclipse.m2e.core.internal.Bundles - 	Entry: C:\Users\josef\AppData\Local\Programs\Eclipse\eclipse\plugins\jakarta.annotation-api_1.3.5.jar
2026-09-23 10:13:06,146 [Worker-4: Launching mavenrun-2e450a53-1d70-4f85-b526-47f0d68ce82d] INFO  o.eclipse.m2e.core.internal.Bundles - getClasspathEntries(Bundle=org.apache.commons.cli_1.11.0 [57])
2026-09-23 10:13:06,146 [Worker-4: Launching mavenrun-2e450a53-1d70-4f85-b526-47f0d68ce82d] INFO  o.eclipse.m2e.core.internal.Bundles - 	Entry: C:\Users\josef\AppData\Local\Programs\Eclipse\eclipse\plugins\org.apache.commons.cli_1.11.0.jar
2026-09-23 10:13:06,146 [Worker-4: Launching mavenrun-2e450a53-1d70-4f85-b526-47f0d68ce82d] INFO  o.eclipse.m2e.core.internal.Bundles - getClasspathEntries(Bundle=org.apache.commons.commons-codec_1.22.1 [58])
2026-09-23 10:13:06,147 [Worker-4: Launching mavenrun-2e450a53-1d70-4f85-b526-47f0d68ce82d] INFO  o.eclipse.m2e.core.internal.Bundles - 	Entry: C:\Users\josef\AppData\Local\Programs\Eclipse\eclipse\plugins\org.apache.commons.commons-codec_1.22.1.jar
2026-09-23 10:13:06,147 [Worker-4: Launching mavenrun-2e450a53-1d70-4f85-b526-47f0d68ce82d] INFO  o.eclipse.m2e.core.internal.Bundles - getClasspathEntries(Bundle=com.google.guava.failureaccess_1.0.3 [15])
2026-09-23 10:13:06,147 [Worker-4: Launching mavenrun-2e450a53-1d70-4f85-b526-47f0d68ce82d] INFO  o.eclipse.m2e.core.internal.Bundles - 	Entry: C:\Users\josef\AppData\Local\Programs\Eclipse\eclipse\plugins\com.google.guava.failureaccess_1.0.3.jar
2026-09-23 10:13:06,151 [Worker-4: Launching mavenrun-2e450a53-1d70-4f85-b526-47f0d68ce82d] INFO  o.e.m.i.launch.MavenLaunchDelegate - Run build in "C:\Users\josef\AppData\Local\Temp\m2e-archetypeGenerator2801172691138391799":
2026-09-23 10:13:06,154 [Worker-4: Launching mavenrun-2e450a53-1d70-4f85-b526-47f0d68ce82d] INFO  o.e.m.i.launch.MavenLaunchDelegate -  mvn  -DarchetypeGroupId=org.apache.maven.archetypes -DarchetypeArtifactId=maven-archetype-quickstart -DarchetypeVersion=1.1 -DgroupId=PracticaTDS -DartifactId=JF -Dversion=0.0.1-SNAPSHOT -Dpackage=PracticaTDS.JF -DoutputDirectory="C:\Users\josef\Desktop\JF\Universidad\Tercero\1er Cuatri\Tecnologías de Desarrollo de Software\Prácticas\Proyecto" -Dstyle.color=always -U archetype:generate
2026-09-23 10:13:38,324 [Worker-8: Creating maven-archetype-quickstart] INFO  o.e.m.c.i.p.ProjectConfigurationManager - Collecting project info '/pom.xml' C:\Users\josef\Desktop\JF\Universidad\Tercero\1er Cuatri\Tecnologías de Desarrollo de Software\Prácticas\Proyecto\JF\pom.xml
2026-09-23 10:13:38,617 [Worker-8: Creating maven-archetype-quickstart] INFO  o.e.m.c.i.e.AbstractTransferListenerAdapter - Downloading https://repo.maven.apache.org/maven2/org/apache/maven/plugins/maven-resources-plugin/3.4.0/maven-resources-plugin-3.4.0.jar
2026-09-23 10:13:38,789 [Worker-8: Creating maven-archetype-quickstart] INFO  o.e.m.c.i.e.AbstractTransferListenerAdapter - Downloaded https://repo.maven.apache.org/maven2/org/apache/maven/plugins/maven-resources-plugin/3.4.0/maven-resources-plugin-3.4.0.jar
2026-09-23 10:13:38,903 [Worker-8: Creating maven-archetype-quickstart] INFO  o.e.m.c.i.e.AbstractTransferListenerAdapter - Downloading https://repo.maven.apache.org/maven2/org/apache/maven/plugins/maven-compiler-plugin/3.15.0/maven-compiler-plugin-3.15.0.jar
2026-09-23 10:13:38,948 [Worker-8: Creating maven-archetype-quickstart] INFO  o.e.m.c.i.e.AbstractTransferListenerAdapter - Downloaded https://repo.maven.apache.org/maven2/org/apache/maven/plugins/maven-compiler-plugin/3.15.0/maven-compiler-plugin-3.15.0.jar
2026-09-23 10:13:39,002 [Worker-8: Creating maven-archetype-quickstart] INFO  o.e.m.c.i.e.AbstractTransferListenerAdapter - Downloading https://repo.maven.apache.org/maven2/org/apache/maven/plugins/maven-surefire-plugin/3.5.4/maven-surefire-plugin-3.5.4.jar
2026-09-23 10:13:39,167 [Worker-8: Creating maven-archetype-quickstart] INFO  o.e.m.c.i.e.AbstractTransferListenerAdapter - Downloaded https://repo.maven.apache.org/maven2/org/apache/maven/plugins/maven-surefire-plugin/3.5.4/maven-surefire-plugin-3.5.4.jar
2026-09-23 10:13:39,278 [Worker-8: Creating maven-archetype-quickstart] INFO  o.e.m.c.i.e.AbstractTransferListenerAdapter - Downloading https://repo.maven.apache.org/maven2/org/apache/maven/plugins/maven-jar-plugin/3.5.0/maven-jar-plugin-3.5.0.jar
2026-09-23 10:13:39,481 [Worker-8: Creating maven-archetype-quickstart] INFO  o.e.m.c.i.e.AbstractTransferListenerAdapter - Downloaded https://repo.maven.apache.org/maven2/org/apache/maven/plugins/maven-jar-plugin/3.5.0/maven-jar-plugin-3.5.0.jar
2026-09-23 10:13:39,658 [Worker-8: Creating maven-archetype-quickstart] INFO  o.e.m.c.i.e.AbstractTransferListenerAdapter - Downloading https://repo.maven.apache.org/maven2/org/apache/maven/plugins/maven-compiler-plugin/3.15.0/maven-compiler-plugin-3.15.0.pom
2026-09-23 10:13:39,683 [Worker-8: Creating maven-archetype-quickstart] INFO  o.e.m.c.i.e.AbstractTransferListenerAdapter - Downloaded https://repo.maven.apache.org/maven2/org/apache/maven/plugins/maven-compiler-plugin/3.15.0/maven-compiler-plugin-3.15.0.pom
2026-09-23 10:13:39,729 [Worker-8: Creating maven-archetype-quickstart] INFO  o.e.m.c.i.e.AbstractTransferListenerAdapter - Downloading https://repo.maven.apache.org/maven2/org/apache/maven/plugins/maven-plugins/47/maven-plugins-47.pom
2026-09-23 10:13:39,749 [Worker-8: Creating maven-archetype-quickstart] INFO  o.e.m.c.i.e.AbstractTransferListenerAdapter - Downloaded https://repo.maven.apache.org/maven2/org/apache/maven/plugins/maven-plugins/47/maven-plugins-47.pom
2026-09-23 10:13:39,796 [Worker-8: Creating maven-archetype-quickstart] INFO  o.e.m.c.i.e.AbstractTransferListenerAdapter - Downloading https://repo.maven.apache.org/maven2/org/apache/maven/maven-parent/47/maven-parent-47.pom
2026-09-23 10:13:39,820 [Worker-8: Creating maven-archetype-quickstart] INFO  o.e.m.c.i.e.AbstractTransferListenerAdapter - Downloaded https://repo.maven.apache.org/maven2/org/apache/maven/maven-parent/47/maven-parent-47.pom
2026-09-23 10:13:39,867 [Worker-8: Creating maven-archetype-quickstart] INFO  o.e.m.c.i.e.AbstractTransferListenerAdapter - Downloading https://repo.maven.apache.org/maven2/org/apache/apache/37/apache-37.pom
2026-09-23 10:13:39,893 [Worker-8: Creating maven-archetype-quickstart] INFO  o.e.m.c.i.e.AbstractTransferListenerAdapter - Downloaded https://repo.maven.apache.org/maven2/org/apache/apache/37/apache-37.pom
2026-09-23 10:13:39,945 [Worker-8: Creating maven-archetype-quickstart] INFO  o.e.m.c.i.e.AbstractTransferListenerAdapter - Downloading https://repo.maven.apache.org/maven2/org/junit/junit-bom/5.14.2/junit-bom-5.14.2.pom
2026-09-23 10:13:39,964 [Worker-8: Creating maven-archetype-quickstart] INFO  o.e.m.c.i.e.AbstractTransferListenerAdapter - Downloaded https://repo.maven.apache.org/maven2/org/junit/junit-bom/5.14.2/junit-bom-5.14.2.pom
2026-09-23 10:13:40,041 [Worker-8: Creating maven-archetype-quickstart] INFO  o.e.m.c.i.e.AbstractTransferListenerAdapter - Downloading https://repo.maven.apache.org/maven2/org/ow2/asm/asm/9.9.1/asm-9.9.1.pom
2026-09-23 10:13:40,064 [Worker-8: Creating maven-archetype-quickstart] INFO  o.e.m.c.i.e.AbstractTransferListenerAdapter - Downloaded https://repo.maven.apache.org/maven2/org/ow2/asm/asm/9.9.1/asm-9.9.1.pom
2026-09-23 10:13:40,112 [Worker-8: Creating maven-archetype-quickstart] INFO  o.e.m.c.i.e.AbstractTransferListenerAdapter - Downloading https://repo.maven.apache.org/maven2/org/ow2/ow2/1.5.1/ow2-1.5.1.pom
2026-09-23 10:13:40,144 [Worker-8: Creating maven-archetype-quickstart] INFO  o.e.m.c.i.e.AbstractTransferListenerAdapter - Downloaded https://repo.maven.apache.org/maven2/org/ow2/ow2/1.5.1/ow2-1.5.1.pom
2026-09-23 10:13:40,255 [Worker-8: Creating maven-archetype-quickstart] INFO  o.e.m.c.i.e.AbstractTransferListenerAdapter - Downloading https://repo.maven.apache.org/maven2/commons-io/commons-io/2.11.0/commons-io-2.11.0.pom
2026-09-23 10:13:40,288 [Worker-8: Creating maven-archetype-quickstart] INFO  o.e.m.c.i.e.AbstractTransferListenerAdapter - Downloaded https://repo.maven.apache.org/maven2/commons-io/commons-io/2.11.0/commons-io-2.11.0.pom
2026-09-23 10:13:40,337 [Worker-8: Creating maven-archetype-quickstart] INFO  o.e.m.c.i.e.AbstractTransferListenerAdapter - Downloading https://repo.maven.apache.org/maven2/org/apache/commons/commons-parent/52/commons-parent-52.pom
2026-09-23 10:13:40,362 [Worker-8: Creating maven-archetype-quickstart] INFO  o.e.m.c.i.e.AbstractTransferListenerAdapter - Downloaded https://repo.maven.apache.org/maven2/org/apache/commons/commons-parent/52/commons-parent-52.pom
2026-09-23 10:13:40,416 [Worker-8: Creating maven-archetype-quickstart] INFO  o.e.m.c.i.e.AbstractTransferListenerAdapter - Downloading https://repo.maven.apache.org/maven2/org/apache/apache/23/apache-23.pom
2026-09-23 10:13:40,453 [Worker-8: Creating maven-archetype-quickstart] INFO  o.e.m.c.i.e.AbstractTransferListenerAdapter - Downloaded https://repo.maven.apache.org/maven2/org/apache/apache/23/apache-23.pom
2026-09-23 10:13:40,540 [Worker-8: Creating maven-archetype-quickstart] INFO  o.e.m.c.i.e.AbstractTransferListenerAdapter - Downloading https://repo.maven.apache.org/maven2/org/junit/junit-bom/5.7.2/junit-bom-5.7.2.pom
2026-09-23 10:13:40,566 [Worker-8: Creating maven-archetype-quickstart] INFO  o.e.m.c.i.e.AbstractTransferListenerAdapter - Downloaded https://repo.maven.apache.org/maven2/org/junit/junit-bom/5.7.2/junit-bom-5.7.2.pom
2026-09-23 10:13:40,616 [Worker-8: Creating maven-archetype-quickstart] INFO  o.e.m.c.i.e.AbstractTransferListenerAdapter - Downloading https://repo.maven.apache.org/maven2/org/apache/maven/shared/maven-shared-incremental/1.1/maven-shared-incremental-1.1.pom
2026-09-23 10:13:40,638 [Worker-8: Creating maven-archetype-quickstart] INFO  o.e.m.c.i.e.AbstractTransferListenerAdapter - Downloaded https://repo.maven.apache.org/maven2/org/apache/maven/shared/maven-shared-incremental/1.1/maven-shared-incremental-1.1.pom
2026-09-23 10:13:40,689 [Worker-8: Creating maven-archetype-quickstart] INFO  o.e.m.c.i.e.AbstractTransferListenerAdapter - Downloading https://repo.maven.apache.org/maven2/org/apache/maven/shared/maven-shared-components/19/maven-shared-components-19.pom
2026-09-23 10:13:40,709 [Worker-8: Creating maven-archetype-quickstart] INFO  o.e.m.c.i.e.AbstractTransferListenerAdapter - Downloaded https://repo.maven.apache.org/maven2/org/apache/maven/shared/maven-shared-components/19/maven-shared-components-19.pom
2026-09-23 10:13:40,758 [Worker-8: Creating maven-archetype-quickstart] INFO  o.e.m.c.i.e.AbstractTransferListenerAdapter - Downloading https://repo.maven.apache.org/maven2/org/apache/maven/maven-parent/23/maven-parent-23.pom
2026-09-23 10:13:40,783 [Worker-8: Creating maven-archetype-quickstart] INFO  o.e.m.c.i.e.AbstractTransferListenerAdapter - Downloaded https://repo.maven.apache.org/maven2/org/apache/maven/maven-parent/23/maven-parent-23.pom
2026-09-23 10:13:40,826 [Worker-8: Creating maven-archetype-quickstart] INFO  o.e.m.c.i.e.AbstractTransferListenerAdapter - Downloading https://repo.maven.apache.org/maven2/org/apache/apache/13/apache-13.pom
2026-09-23 10:13:40,850 [Worker-8: Creating maven-archetype-quickstart] INFO  o.e.m.c.i.e.AbstractTransferListenerAdapter - Downloaded https://repo.maven.apache.org/maven2/org/apache/apache/13/apache-13.pom
2026-09-23 10:13:40,990 [Worker-8: Creating maven-archetype-quickstart] INFO  o.e.m.c.i.e.AbstractTransferListenerAdapter - Downloading https://repo.maven.apache.org/maven2/org/codehaus/plexus/plexus-java/1.5.2/plexus-java-1.5.2.pom
2026-09-23 10:13:41,022 [Worker-8: Creating maven-archetype-quickstart] INFO  o.e.m.c.i.e.AbstractTransferListenerAdapter - Downloaded https://repo.maven.apache.org/maven2/org/codehaus/plexus/plexus-java/1.5.2/plexus-java-1.5.2.pom
2026-09-23 10:13:41,073 [Worker-8: Creating maven-archetype-quickstart] INFO  o.e.m.c.i.e.AbstractTransferListenerAdapter - Downloading https://repo.maven.apache.org/maven2/org/codehaus/plexus/plexus-languages/1.5.2/plexus-languages-1.5.2.pom
2026-09-23 10:13:41,107 [Worker-8: Creating maven-archetype-quickstart] INFO  o.e.m.c.i.e.AbstractTransferListenerAdapter - Downloaded https://repo.maven.apache.org/maven2/org/codehaus/plexus/plexus-languages/1.5.2/plexus-languages-1.5.2.pom
2026-09-23 10:13:41,168 [Worker-8: Creating maven-archetype-quickstart] INFO  o.e.m.c.i.e.AbstractTransferListenerAdapter - Downloading https://repo.maven.apache.org/maven2/org/codehaus/plexus/plexus/24/plexus-24.pom
2026-09-23 10:13:41,197 [Worker-8: Creating maven-archetype-quickstart] INFO  o.e.m.c.i.e.AbstractTransferListenerAdapter - Downloaded https://repo.maven.apache.org/maven2/org/codehaus/plexus/plexus/24/plexus-24.pom
2026-09-23 10:13:41,263 [Worker-8: Creating maven-archetype-quickstart] INFO  o.e.m.c.i.e.AbstractTransferListenerAdapter - Downloading https://repo.maven.apache.org/maven2/com/thoughtworks/qdox/qdox/2.2.0/qdox-2.2.0.pom
2026-09-23 10:13:41,284 [Worker-8: Creating maven-archetype-quickstart] INFO  o.e.m.c.i.e.AbstractTransferListenerAdapter - Downloaded https://repo.maven.apache.org/maven2/com/thoughtworks/qdox/qdox/2.2.0/qdox-2.2.0.pom
2026-09-23 10:13:41,334 [Worker-8: Creating maven-archetype-quickstart] INFO  o.e.m.c.i.e.AbstractTransferListenerAdapter - Downloading https://repo.maven.apache.org/maven2/org/sonatype/oss/oss-parent/9/oss-parent-9.pom
2026-09-23 10:13:41,354 [Worker-8: Creating maven-archetype-quickstart] INFO  o.e.m.c.i.e.AbstractTransferListenerAdapter - Downloaded https://repo.maven.apache.org/maven2/org/sonatype/oss/oss-parent/9/oss-parent-9.pom
2026-09-23 10:13:41,402 [Worker-8: Creating maven-archetype-quickstart] INFO  o.e.m.c.i.e.AbstractTransferListenerAdapter - Downloading https://repo.maven.apache.org/maven2/org/codehaus/plexus/plexus-compiler-api/2.16.2/plexus-compiler-api-2.16.2.pom
2026-09-23 10:13:41,423 [Worker-8: Creating maven-archetype-quickstart] INFO  o.e.m.c.i.e.AbstractTransferListenerAdapter - Downloaded https://repo.maven.apache.org/maven2/org/codehaus/plexus/plexus-compiler-api/2.16.2/plexus-compiler-api-2.16.2.pom
2026-09-23 10:13:41,473 [Worker-8: Creating maven-archetype-quickstart] INFO  o.e.m.c.i.e.AbstractTransferListenerAdapter - Downloading https://repo.maven.apache.org/maven2/org/codehaus/plexus/plexus-compiler/2.16.2/plexus-compiler-2.16.2.pom
2026-09-23 10:13:41,489 [Worker-8: Creating maven-archetype-quickstart] INFO  o.e.m.c.i.e.AbstractTransferListenerAdapter - Downloaded https://repo.maven.apache.org/maven2/org/codehaus/plexus/plexus-compiler/2.16.2/plexus-compiler-2.16.2.pom
2026-09-23 10:13:41,533 [Worker-8: Creating maven-archetype-quickstart] INFO  o.e.m.c.i.e.AbstractTransferListenerAdapter - Downloading https://repo.maven.apache.org/maven2/org/codehaus/plexus/plexus/25/plexus-25.pom
2026-09-23 10:13:41,562 [Worker-8: Creating maven-archetype-quickstart] INFO  o.e.m.c.i.e.AbstractTransferListenerAdapter - Downloaded https://repo.maven.apache.org/maven2/org/codehaus/plexus/plexus/25/plexus-25.pom
2026-09-23 10:13:41,606 [Worker-8: Creating maven-archetype-quickstart] INFO  o.e.m.c.i.e.AbstractTransferListenerAdapter - Downloading https://repo.maven.apache.org/maven2/org/junit/junit-bom/5.14.1/junit-bom-5.14.1.pom
2026-09-23 10:13:41,626 [Worker-8: Creating maven-archetype-quickstart] INFO  o.e.m.c.i.e.AbstractTransferListenerAdapter - Downloaded https://repo.maven.apache.org/maven2/org/junit/junit-bom/5.14.1/junit-bom-5.14.1.pom
2026-09-23 10:13:41,697 [Worker-8: Creating maven-archetype-quickstart] INFO  o.e.m.c.i.e.AbstractTransferListenerAdapter - Downloading https://repo.maven.apache.org/maven2/org/codehaus/plexus/plexus-compiler-manager/2.16.2/plexus-compiler-manager-2.16.2.pom
2026-09-23 10:13:41,717 [Worker-8: Creating maven-archetype-quickstart] INFO  o.e.m.c.i.e.AbstractTransferListenerAdapter - Downloaded https://repo.maven.apache.org/maven2/org/codehaus/plexus/plexus-compiler-manager/2.16.2/plexus-compiler-manager-2.16.2.pom
2026-09-23 10:13:41,794 [Worker-8: Creating maven-archetype-quickstart] INFO  o.e.m.c.i.e.AbstractTransferListenerAdapter - Downloading https://repo.maven.apache.org/maven2/org/codehaus/plexus/plexus-compiler-javac/2.16.2/plexus-compiler-javac-2.16.2.pom
2026-09-23 10:13:41,815 [Worker-8: Creating maven-archetype-quickstart] INFO  o.e.m.c.i.e.AbstractTransferListenerAdapter - Downloaded https://repo.maven.apache.org/maven2/org/codehaus/plexus/plexus-compiler-javac/2.16.2/plexus-compiler-javac-2.16.2.pom
2026-09-23 10:13:41,864 [Worker-8: Creating maven-archetype-quickstart] INFO  o.e.m.c.i.e.AbstractTransferListenerAdapter - Downloading https://repo.maven.apache.org/maven2/org/codehaus/plexus/plexus-compilers/2.16.2/plexus-compilers-2.16.2.pom
2026-09-23 10:13:41,894 [Worker-8: Creating maven-archetype-quickstart] INFO  o.e.m.c.i.e.AbstractTransferListenerAdapter - Downloaded https://repo.maven.apache.org/maven2/org/codehaus/plexus/plexus-compilers/2.16.2/plexus-compilers-2.16.2.pom
2026-09-23 10:13:41,960 [Worker-8: Creating maven-archetype-quickstart] INFO  o.e.m.c.i.e.AbstractTransferListenerAdapter - Downloading https://repo.maven.apache.org/maven2/org/ow2/asm/asm/9.9.1/asm-9.9.1.jar
2026-09-23 10:13:41,995 [Worker-8: Creating maven-archetype-quickstart] INFO  o.e.m.c.i.e.AbstractTransferListenerAdapter - Downloaded https://repo.maven.apache.org/maven2/org/ow2/asm/asm/9.9.1/asm-9.9.1.jar
2026-09-23 10:13:42,028 [BasicRepositoryConnector-repo.maven.apache.org-0-1] INFO  o.e.m.c.i.e.AbstractTransferListenerAdapter - Downloading https://repo.maven.apache.org/maven2/org/apache/maven/shared/maven-shared-incremental/1.1/maven-shared-incremental-1.1.jar
2026-09-23 10:13:42,087 [BasicRepositoryConnector-repo.maven.apache.org-0-2] INFO  o.e.m.c.i.e.AbstractTransferListenerAdapter - Downloading https://repo.maven.apache.org/maven2/org/codehaus/plexus/plexus-java/1.5.2/plexus-java-1.5.2.jar
2026-09-23 10:13:42,088 [BasicRepositoryConnector-repo.maven.apache.org-0-3] INFO  o.e.m.c.i.e.AbstractTransferListenerAdapter - Downloading https://repo.maven.apache.org/maven2/com/thoughtworks/qdox/qdox/2.2.0/qdox-2.2.0.jar
2026-09-23 10:13:42,089 [BasicRepositoryConnector-repo.maven.apache.org-0-4] INFO  o.e.m.c.i.e.AbstractTransferListenerAdapter - Downloading https://repo.maven.apache.org/maven2/org/codehaus/plexus/plexus-compiler-api/2.16.2/plexus-compiler-api-2.16.2.jar
2026-09-23 10:13:42,098 [BasicRepositoryConnector-repo.maven.apache.org-0-0] INFO  o.e.m.c.i.e.AbstractTransferListenerAdapter - Downloading https://repo.maven.apache.org/maven2/commons-io/commons-io/2.11.0/commons-io-2.11.0.jar
2026-09-23 10:13:42,121 [BasicRepositoryConnector-repo.maven.apache.org-0-2] INFO  o.e.m.c.i.e.AbstractTransferListenerAdapter - Downloaded https://repo.maven.apache.org/maven2/org/codehaus/plexus/plexus-java/1.5.2/plexus-java-1.5.2.jar
2026-09-23 10:13:42,158 [BasicRepositoryConnector-repo.maven.apache.org-0-2] INFO  o.e.m.c.i.e.AbstractTransferListenerAdapter - Downloading https://repo.maven.apache.org/maven2/org/codehaus/plexus/plexus-compiler-manager/2.16.2/plexus-compiler-manager-2.16.2.jar
2026-09-23 10:13:42,170 [BasicRepositoryConnector-repo.maven.apache.org-0-1] INFO  o.e.m.c.i.e.AbstractTransferListenerAdapter - Downloaded https://repo.maven.apache.org/maven2/org/apache/maven/shared/maven-shared-incremental/1.1/maven-shared-incremental-1.1.jar
2026-09-23 10:13:42,185 [BasicRepositoryConnector-repo.maven.apache.org-0-3] INFO  o.e.m.c.i.e.AbstractTransferListenerAdapter - Downloaded https://repo.maven.apache.org/maven2/com/thoughtworks/qdox/qdox/2.2.0/qdox-2.2.0.jar
2026-09-23 10:13:42,197 [BasicRepositoryConnector-repo.maven.apache.org-0-0] INFO  o.e.m.c.i.e.AbstractTransferListenerAdapter - Downloaded https://repo.maven.apache.org/maven2/commons-io/commons-io/2.11.0/commons-io-2.11.0.jar
2026-09-23 10:13:42,208 [BasicRepositoryConnector-repo.maven.apache.org-0-1] INFO  o.e.m.c.i.e.AbstractTransferListenerAdapter - Downloading https://repo.maven.apache.org/maven2/org/codehaus/plexus/plexus-compiler-javac/2.16.2/plexus-compiler-javac-2.16.2.jar
2026-09-23 10:13:42,212 [BasicRepositoryConnector-repo.maven.apache.org-0-2] INFO  o.e.m.c.i.e.AbstractTransferListenerAdapter - Downloaded https://repo.maven.apache.org/maven2/org/codehaus/plexus/plexus-compiler-manager/2.16.2/plexus-compiler-manager-2.16.2.jar
2026-09-23 10:13:42,350 [BasicRepositoryConnector-repo.maven.apache.org-0-4] INFO  o.e.m.c.i.e.AbstractTransferListenerAdapter - Downloaded https://repo.maven.apache.org/maven2/org/codehaus/plexus/plexus-compiler-api/2.16.2/plexus-compiler-api-2.16.2.jar
2026-09-23 10:13:42,358 [BasicRepositoryConnector-repo.maven.apache.org-0-1] INFO  o.e.m.c.i.e.AbstractTransferListenerAdapter - Downloaded https://repo.maven.apache.org/maven2/org/codehaus/plexus/plexus-compiler-javac/2.16.2/plexus-compiler-javac-2.16.2.jar
2026-09-23 10:13:42,528 [Worker-8: Creating maven-archetype-quickstart] INFO  o.e.m.c.i.l.LifecycleMappingFactory - Using org.eclipse.m2e.jdt.JarLifecycleMapping lifecycle mapping for MavenProject: PracticaTDS:JF:0.0.1-SNAPSHOT @ C:\Users\josef\Desktop\JF\Universidad\Tercero\1er Cuatri\Tecnologías de Desarrollo de Software\Prácticas\Proyecto\JF\pom.xml.
2026-09-23 10:13:42,569 [Worker-8: Creating maven-archetype-quickstart] INFO  o.e.m.c.i.e.AbstractTransferListenerAdapter - Downloading https://repo.maven.apache.org/maven2/junit/junit/3.8.1/junit-3.8.1.pom
2026-09-23 10:13:42,599 [Worker-8: Creating maven-archetype-quickstart] INFO  o.e.m.c.i.e.AbstractTransferListenerAdapter - Downloaded https://repo.maven.apache.org/maven2/junit/junit/3.8.1/junit-3.8.1.pom
2026-09-23 10:13:42,645 [Worker-8: Creating maven-archetype-quickstart] INFO  o.e.m.c.i.e.AbstractTransferListenerAdapter - Downloading https://repo.maven.apache.org/maven2/junit/junit/3.8.1/junit-3.8.1.jar
2026-09-23 10:13:42,662 [Worker-8: Creating maven-archetype-quickstart] INFO  o.e.m.c.i.e.AbstractTransferListenerAdapter - Downloaded https://repo.maven.apache.org/maven2/junit/junit/3.8.1/junit-3.8.1.jar
2026-09-23 10:13:42,714 [Worker-8: Creating maven-archetype-quickstart] INFO  o.e.m.c.i.e.AbstractTransferListenerAdapter - Downloading https://repo.maven.apache.org/maven2/org/apache/maven/plugins/maven-resources-plugin/3.4.0/maven-resources-plugin-3.4.0.pom
2026-09-23 10:13:42,742 [Worker-8: Creating maven-archetype-quickstart] INFO  o.e.m.c.i.e.AbstractTransferListenerAdapter - Downloaded https://repo.maven.apache.org/maven2/org/apache/maven/plugins/maven-resources-plugin/3.4.0/maven-resources-plugin-3.4.0.pom
2026-09-23 10:13:42,795 [Worker-8: Creating maven-archetype-quickstart] INFO  o.e.m.c.i.e.AbstractTransferListenerAdapter - Downloading https://repo.maven.apache.org/maven2/org/apache/maven/plugins/maven-plugins/45/maven-plugins-45.pom
2026-09-23 10:13:42,822 [Worker-8: Creating maven-archetype-quickstart] INFO  o.e.m.c.i.e.AbstractTransferListenerAdapter - Downloaded https://repo.maven.apache.org/maven2/org/apache/maven/plugins/maven-plugins/45/maven-plugins-45.pom
2026-09-23 10:13:42,906 [Worker-8: Creating maven-archetype-quickstart] INFO  o.e.m.c.i.e.AbstractTransferListenerAdapter - Downloading https://repo.maven.apache.org/maven2/org/apache/maven/plugins/maven-surefire-plugin/3.5.4/maven-surefire-plugin-3.5.4.pom
2026-09-23 10:13:42,928 [Worker-8: Creating maven-archetype-quickstart] INFO  o.e.m.c.i.e.AbstractTransferListenerAdapter - Downloaded https://repo.maven.apache.org/maven2/org/apache/maven/plugins/maven-surefire-plugin/3.5.4/maven-surefire-plugin-3.5.4.pom
2026-09-23 10:13:42,981 [Worker-8: Creating maven-archetype-quickstart] INFO  o.e.m.c.i.e.AbstractTransferListenerAdapter - Downloading https://repo.maven.apache.org/maven2/org/apache/maven/surefire/surefire/3.5.4/surefire-3.5.4.pom
2026-09-23 10:13:43,021 [Worker-8: Creating maven-archetype-quickstart] INFO  o.e.m.c.i.e.AbstractTransferListenerAdapter - Downloaded https://repo.maven.apache.org/maven2/org/apache/maven/surefire/surefire/3.5.4/surefire-3.5.4.pom
2026-09-23 10:13:43,083 [Worker-8: Creating maven-archetype-quickstart] INFO  o.e.m.c.i.e.AbstractTransferListenerAdapter - Downloading https://repo.maven.apache.org/maven2/org/apache/maven/maven-parent/44/maven-parent-44.pom
2026-09-23 10:13:43,103 [Worker-8: Creating maven-archetype-quickstart] INFO  o.e.m.c.i.e.AbstractTransferListenerAdapter - Downloaded https://repo.maven.apache.org/maven2/org/apache/maven/maven-parent/44/maven-parent-44.pom
2026-09-23 10:13:43,148 [Worker-8: Creating maven-archetype-quickstart] INFO  o.e.m.c.i.e.AbstractTransferListenerAdapter - Downloading https://repo.maven.apache.org/maven2/org/apache/apache/34/apache-34.pom
2026-09-23 10:13:43,172 [Worker-8: Creating maven-archetype-quickstart] INFO  o.e.m.c.i.e.AbstractTransferListenerAdapter - Downloaded https://repo.maven.apache.org/maven2/org/apache/apache/34/apache-34.pom
2026-09-23 10:13:43,217 [Worker-8: Creating maven-archetype-quickstart] INFO  o.e.m.c.i.e.AbstractTransferListenerAdapter - Downloading https://repo.maven.apache.org/maven2/org/junit/junit-bom/5.12.1/junit-bom-5.12.1.pom
2026-09-23 10:13:43,235 [Worker-8: Creating maven-archetype-quickstart] INFO  o.e.m.c.i.e.AbstractTransferListenerAdapter - Downloaded https://repo.maven.apache.org/maven2/org/junit/junit-bom/5.12.1/junit-bom-5.12.1.pom
2026-09-23 10:13:43,282 [Worker-8: Creating maven-archetype-quickstart] INFO  o.e.m.c.i.e.AbstractTransferListenerAdapter - Downloading https://repo.maven.apache.org/maven2/org/apache/maven/plugins/maven-jar-plugin/3.5.0/maven-jar-plugin-3.5.0.pom
2026-09-23 10:13:43,301 [Worker-8: Creating maven-archetype-quickstart] INFO  o.e.m.c.i.e.AbstractTransferListenerAdapter - Downloaded https://repo.maven.apache.org/maven2/org/apache/maven/plugins/maven-jar-plugin/3.5.0/maven-jar-plugin-3.5.0.pom
2026-09-23 10:13:43,359 [Worker-8: Creating maven-archetype-quickstart] INFO  o.e.m.c.i.e.AbstractTransferListenerAdapter - Downloading https://repo.maven.apache.org/maven2/org/apache/maven/shared/file-management/3.2.0/file-management-3.2.0.pom
2026-09-23 10:13:43,384 [Worker-8: Creating maven-archetype-quickstart] INFO  o.e.m.c.i.e.AbstractTransferListenerAdapter - Downloaded https://repo.maven.apache.org/maven2/org/apache/maven/shared/file-management/3.2.0/file-management-3.2.0.pom
2026-09-23 10:13:43,429 [Worker-8: Creating maven-archetype-quickstart] INFO  o.e.m.c.i.e.AbstractTransferListenerAdapter - Downloading https://repo.maven.apache.org/maven2/org/apache/maven/shared/maven-shared-components/44/maven-shared-components-44.pom
2026-09-23 10:13:43,455 [Worker-8: Creating maven-archetype-quickstart] INFO  o.e.m.c.i.e.AbstractTransferListenerAdapter - Downloaded https://repo.maven.apache.org/maven2/org/apache/maven/shared/maven-shared-components/44/maven-shared-components-44.pom
2026-09-23 10:13:43,508 [Worker-8: Creating maven-archetype-quickstart] INFO  o.e.m.c.i.e.AbstractTransferListenerAdapter - Downloading https://repo.maven.apache.org/maven2/commons-io/commons-io/2.19.0/commons-io-2.19.0.pom
2026-09-23 10:13:43,531 [Worker-8: Creating maven-archetype-quickstart] INFO  o.e.m.c.i.e.AbstractTransferListenerAdapter - Downloaded https://repo.maven.apache.org/maven2/commons-io/commons-io/2.19.0/commons-io-2.19.0.pom
2026-09-23 10:13:43,580 [Worker-8: Creating maven-archetype-quickstart] INFO  o.e.m.c.i.e.AbstractTransferListenerAdapter - Downloading https://repo.maven.apache.org/maven2/org/apache/commons/commons-parent/81/commons-parent-81.pom
2026-09-23 10:13:43,603 [Worker-8: Creating maven-archetype-quickstart] INFO  o.e.m.c.i.e.AbstractTransferListenerAdapter - Downloaded https://repo.maven.apache.org/maven2/org/apache/commons/commons-parent/81/commons-parent-81.pom
2026-09-23 10:13:43,669 [Worker-8: Creating maven-archetype-quickstart] INFO  o.e.m.c.i.e.AbstractTransferListenerAdapter - Downloading https://repo.maven.apache.org/maven2/org/apache/maven/maven-archiver/3.6.5/maven-archiver-3.6.5.pom
2026-09-23 10:13:43,694 [Worker-8: Creating maven-archetype-quickstart] INFO  o.e.m.c.i.e.AbstractTransferListenerAdapter - Downloaded https://repo.maven.apache.org/maven2/org/apache/maven/maven-archiver/3.6.5/maven-archiver-3.6.5.pom
2026-09-23 10:13:43,786 [Worker-8: Creating maven-archetype-quickstart] INFO  o.e.m.c.i.e.AbstractTransferListenerAdapter - Downloading https://repo.maven.apache.org/maven2/commons-io/commons-io/2.16.1/commons-io-2.16.1.pom
2026-09-23 10:13:43,809 [Worker-8: Creating maven-archetype-quickstart] INFO  o.e.m.c.i.e.AbstractTransferListenerAdapter - Downloaded https://repo.maven.apache.org/maven2/commons-io/commons-io/2.16.1/commons-io-2.16.1.pom
2026-09-23 10:13:43,952 [Worker-8: Creating maven-archetype-quickstart] INFO  o.e.m.c.i.e.AbstractTransferListenerAdapter - Downloading https://repo.maven.apache.org/maven2/org/apache/commons/commons-lang3/3.18.0/commons-lang3-3.18.0.pom
2026-09-23 10:13:43,975 [Worker-8: Creating maven-archetype-quickstart] INFO  o.e.m.c.i.e.AbstractTransferListenerAdapter - Downloaded https://repo.maven.apache.org/maven2/org/apache/commons/commons-lang3/3.18.0/commons-lang3-3.18.0.pom
2026-09-23 10:13:44,078 [Worker-8: Creating maven-archetype-quickstart] INFO  o.e.m.c.i.e.AbstractTransferListenerAdapter - Downloading https://repo.maven.apache.org/maven2/org/codehaus/plexus/plexus-archiver/4.10.4/plexus-archiver-4.10.4.pom
2026-09-23 10:13:44,101 [Worker-8: Creating maven-archetype-quickstart] INFO  o.e.m.c.i.e.AbstractTransferListenerAdapter - Downloaded https://repo.maven.apache.org/maven2/org/codehaus/plexus/plexus-archiver/4.10.4/plexus-archiver-4.10.4.pom
2026-09-23 10:13:44,147 [Worker-8: Creating maven-archetype-quickstart] INFO  o.e.m.c.i.e.AbstractTransferListenerAdapter - Downloading https://repo.maven.apache.org/maven2/org/codehaus/plexus/plexus-io/3.6.0/plexus-io-3.6.0.pom
2026-09-23 10:13:44,167 [Worker-8: Creating maven-archetype-quickstart] INFO  o.e.m.c.i.e.AbstractTransferListenerAdapter - Downloaded https://repo.maven.apache.org/maven2/org/codehaus/plexus/plexus-io/3.6.0/plexus-io-3.6.0.pom
2026-09-23 10:13:44,219 [Worker-8: Creating maven-archetype-quickstart] INFO  o.e.m.c.i.e.AbstractTransferListenerAdapter - Downloading https://repo.maven.apache.org/maven2/com/github/luben/zstd-jni/1.5.7-6/zstd-jni-1.5.7-6.pom
2026-09-23 10:13:44,246 [Worker-8: Creating maven-archetype-quickstart] INFO  o.e.m.c.i.e.AbstractTransferListenerAdapter - Downloaded https://repo.maven.apache.org/maven2/com/github/luben/zstd-jni/1.5.7-6/zstd-jni-1.5.7-6.pom
2026-09-23 10:13:44,295 [Worker-8: Creating maven-archetype-quickstart] INFO  o.e.m.c.i.e.AbstractTransferListenerAdapter - Downloading https://repo.maven.apache.org/maven2/commons-io/commons-io/2.21.0/commons-io-2.21.0.pom
2026-09-23 10:13:44,330 [Worker-8: Creating maven-archetype-quickstart] INFO  o.e.m.c.i.e.AbstractTransferListenerAdapter - Downloaded https://repo.maven.apache.org/maven2/commons-io/commons-io/2.21.0/commons-io-2.21.0.pom
2026-09-23 10:13:44,381 [Worker-8: Creating maven-archetype-quickstart] INFO  o.e.m.c.i.e.AbstractTransferListenerAdapter - Downloading https://repo.maven.apache.org/maven2/org/apache/commons/commons-parent/91/commons-parent-91.pom
2026-09-23 10:13:44,430 [Worker-8: Creating maven-archetype-quickstart] INFO  o.e.m.c.i.e.AbstractTransferListenerAdapter - Downloaded https://repo.maven.apache.org/maven2/org/apache/commons/commons-parent/91/commons-parent-91.pom
2026-09-23 10:13:44,498 [Worker-8: Creating maven-archetype-quickstart] INFO  o.e.m.c.i.e.AbstractTransferListenerAdapter - Downloading https://repo.maven.apache.org/maven2/org/apache/maven/shared/file-management/3.2.0/file-management-3.2.0.jar
2026-09-23 10:13:44,701 [Worker-8: Creating maven-archetype-quickstart] INFO  o.e.m.c.i.e.AbstractTransferListenerAdapter - Downloaded https://repo.maven.apache.org/maven2/org/apache/maven/shared/file-management/3.2.0/file-management-3.2.0.jar
2026-09-23 10:13:44,736 [BasicRepositoryConnector-repo.maven.apache.org-1-0] INFO  o.e.m.c.i.e.AbstractTransferListenerAdapter - Downloading https://repo.maven.apache.org/maven2/org/apache/maven/maven-archiver/3.6.5/maven-archiver-3.6.5.jar
2026-09-23 10:13:44,738 [BasicRepositoryConnector-repo.maven.apache.org-1-1] INFO  o.e.m.c.i.e.AbstractTransferListenerAdapter - Downloading https://repo.maven.apache.org/maven2/org/codehaus/plexus/plexus-archiver/4.10.4/plexus-archiver-4.10.4.jar
2026-09-23 10:13:44,746 [BasicRepositoryConnector-repo.maven.apache.org-1-4] INFO  o.e.m.c.i.e.AbstractTransferListenerAdapter - Downloading https://repo.maven.apache.org/maven2/com/github/luben/zstd-jni/1.5.7-6/zstd-jni-1.5.7-6.jar
2026-09-23 10:13:44,746 [BasicRepositoryConnector-repo.maven.apache.org-1-2] INFO  o.e.m.c.i.e.AbstractTransferListenerAdapter - Downloading https://repo.maven.apache.org/maven2/org/codehaus/plexus/plexus-io/3.6.0/plexus-io-3.6.0.jar
2026-09-23 10:13:44,747 [BasicRepositoryConnector-repo.maven.apache.org-1-3] INFO  o.e.m.c.i.e.AbstractTransferListenerAdapter - Downloading https://repo.maven.apache.org/maven2/org/apache/commons/commons-lang3/3.18.0/commons-lang3-3.18.0.jar
2026-09-23 10:13:44,770 [BasicRepositoryConnector-repo.maven.apache.org-1-1] INFO  o.e.m.c.i.e.AbstractTransferListenerAdapter - Downloaded https://repo.maven.apache.org/maven2/org/codehaus/plexus/plexus-archiver/4.10.4/plexus-archiver-4.10.4.jar
2026-09-23 10:13:44,790 [BasicRepositoryConnector-repo.maven.apache.org-1-2] INFO  o.e.m.c.i.e.AbstractTransferListenerAdapter - Downloaded https://repo.maven.apache.org/maven2/org/codehaus/plexus/plexus-io/3.6.0/plexus-io-3.6.0.jar
2026-09-23 10:13:44,809 [BasicRepositoryConnector-repo.maven.apache.org-1-1] INFO  o.e.m.c.i.e.AbstractTransferListenerAdapter - Downloading https://repo.maven.apache.org/maven2/commons-io/commons-io/2.21.0/commons-io-2.21.0.jar
2026-09-23 10:13:44,819 [BasicRepositoryConnector-repo.maven.apache.org-1-3] INFO  o.e.m.c.i.e.AbstractTransferListenerAdapter - Downloaded https://repo.maven.apache.org/maven2/org/apache/commons/commons-lang3/3.18.0/commons-lang3-3.18.0.jar
2026-09-23 10:13:44,887 [BasicRepositoryConnector-repo.maven.apache.org-1-1] INFO  o.e.m.c.i.e.AbstractTransferListenerAdapter - Downloaded https://repo.maven.apache.org/maven2/commons-io/commons-io/2.21.0/commons-io-2.21.0.jar
2026-09-23 10:13:44,908 [BasicRepositoryConnector-repo.maven.apache.org-1-0] INFO  o.e.m.c.i.e.AbstractTransferListenerAdapter - Downloaded https://repo.maven.apache.org/maven2/org/apache/maven/maven-archiver/3.6.5/maven-archiver-3.6.5.jar
2026-09-23 10:13:45,084 [BasicRepositoryConnector-repo.maven.apache.org-1-4] INFO  o.e.m.c.i.e.AbstractTransferListenerAdapter - Downloaded https://repo.maven.apache.org/maven2/com/github/luben/zstd-jni/1.5.7-6/zstd-jni-1.5.7-6.jar
2026-09-23 10:13:45,449 [Worker-8: Creating maven-archetype-quickstart] INFO  o.e.m.c.i.e.AbstractTransferListenerAdapter - Downloading https://repo.maven.apache.org/maven2/org/apache/maven/shared/maven-filtering/3.4.0/maven-filtering-3.4.0.pom
2026-09-23 10:13:45,469 [Worker-8: Creating maven-archetype-quickstart] INFO  o.e.m.c.i.e.AbstractTransferListenerAdapter - Downloaded https://repo.maven.apache.org/maven2/org/apache/maven/shared/maven-filtering/3.4.0/maven-filtering-3.4.0.pom
2026-09-23 10:13:45,517 [Worker-8: Creating maven-archetype-quickstart] INFO  o.e.m.c.i.e.AbstractTransferListenerAdapter - Downloading https://repo.maven.apache.org/maven2/org/apache/maven/shared/maven-shared-components/43/maven-shared-components-43.pom
2026-09-23 10:13:45,554 [Worker-8: Creating maven-archetype-quickstart] INFO  o.e.m.c.i.e.AbstractTransferListenerAdapter - Downloaded https://repo.maven.apache.org/maven2/org/apache/maven/shared/maven-shared-components/43/maven-shared-components-43.pom
2026-09-23 10:13:45,630 [Worker-8: Creating maven-archetype-quickstart] INFO  o.e.m.c.i.e.AbstractTransferListenerAdapter - Downloading https://repo.maven.apache.org/maven2/org/sonatype/plexus/plexus-build-api/0.0.7/plexus-build-api-0.0.7.pom
2026-09-23 10:13:45,667 [Worker-8: Creating maven-archetype-quickstart] INFO  o.e.m.c.i.e.AbstractTransferListenerAdapter - Downloaded https://repo.maven.apache.org/maven2/org/sonatype/plexus/plexus-build-api/0.0.7/plexus-build-api-0.0.7.pom
2026-09-23 10:13:45,732 [Worker-8: Creating maven-archetype-quickstart] INFO  o.e.m.c.i.e.AbstractTransferListenerAdapter - Downloading https://repo.maven.apache.org/maven2/org/sonatype/spice/spice-parent/15/spice-parent-15.pom
2026-09-23 10:13:45,770 [Worker-8: Creating maven-archetype-quickstart] INFO  o.e.m.c.i.e.AbstractTransferListenerAdapter - Downloaded https://repo.maven.apache.org/maven2/org/sonatype/spice/spice-parent/15/spice-parent-15.pom
2026-09-23 10:13:45,830 [Worker-8: Creating maven-archetype-quickstart] INFO  o.e.m.c.i.e.AbstractTransferListenerAdapter - Downloading https://repo.maven.apache.org/maven2/org/sonatype/forge/forge-parent/5/forge-parent-5.pom
2026-09-23 10:13:45,873 [Worker-8: Creating maven-archetype-quickstart] INFO  o.e.m.c.i.e.AbstractTransferListenerAdapter - Downloaded https://repo.maven.apache.org/maven2/org/sonatype/forge/forge-parent/5/forge-parent-5.pom
2026-09-23 10:13:45,934 [Worker-8: Creating maven-archetype-quickstart] INFO  o.e.m.c.i.e.AbstractTransferListenerAdapter - Downloading https://repo.maven.apache.org/maven2/org/codehaus/plexus/plexus-interpolation/1.27/plexus-interpolation-1.27.pom
2026-09-23 10:13:45,977 [Worker-8: Creating maven-archetype-quickstart] INFO  o.e.m.c.i.e.AbstractTransferListenerAdapter - Downloaded https://repo.maven.apache.org/maven2/org/codehaus/plexus/plexus-interpolation/1.27/plexus-interpolation-1.27.pom
2026-09-23 10:13:46,039 [Worker-8: Creating maven-archetype-quickstart] INFO  o.e.m.c.i.e.AbstractTransferListenerAdapter - Downloading https://repo.maven.apache.org/maven2/org/codehaus/plexus/plexus/16/plexus-16.pom
2026-09-23 10:13:46,087 [Worker-8: Creating maven-archetype-quickstart] INFO  o.e.m.c.i.e.AbstractTransferListenerAdapter - Downloaded https://repo.maven.apache.org/maven2/org/codehaus/plexus/plexus/16/plexus-16.pom
2026-09-23 10:13:46,170 [Worker-8: Creating maven-archetype-quickstart] INFO  o.e.m.c.i.e.AbstractTransferListenerAdapter - Downloading https://repo.maven.apache.org/maven2/org/junit/junit-bom/5.10.1/junit-bom-5.10.1.pom
2026-09-23 10:13:46,202 [Worker-8: Creating maven-archetype-quickstart] INFO  o.e.m.c.i.e.AbstractTransferListenerAdapter - Downloaded https://repo.maven.apache.org/maven2/org/junit/junit-bom/5.10.1/junit-bom-5.10.1.pom
2026-09-23 10:13:46,261 [Worker-8: Creating maven-archetype-quickstart] INFO  o.e.m.c.i.e.AbstractTransferListenerAdapter - Downloading https://repo.maven.apache.org/maven2/org/apache/commons/commons-lang3/3.16.0/commons-lang3-3.16.0.pom
2026-09-23 10:13:46,306 [Worker-8: Creating maven-archetype-quickstart] INFO  o.e.m.c.i.e.AbstractTransferListenerAdapter - Downloaded https://repo.maven.apache.org/maven2/org/apache/commons/commons-lang3/3.16.0/commons-lang3-3.16.0.pom
2026-09-23 10:13:46,382 [Worker-8: Creating maven-archetype-quickstart] INFO  o.e.m.c.i.e.AbstractTransferListenerAdapter - Downloading https://repo.maven.apache.org/maven2/org/apache/commons/commons-parent/72/commons-parent-72.pom
2026-09-23 10:13:46,421 [Worker-8: Creating maven-archetype-quickstart] INFO  o.e.m.c.i.e.AbstractTransferListenerAdapter - Downloaded https://repo.maven.apache.org/maven2/org/apache/commons/commons-parent/72/commons-parent-72.pom
2026-09-23 10:13:46,428 [Worker-13: Download sources and javadoc] INFO  o.e.m.c.i.e.AbstractTransferListenerAdapter - Downloading https://repo.maven.apache.org/maven2/junit/junit/3.8.1/junit-3.8.1-sources.jar
2026-09-23 10:13:46,470 [Worker-13: Download sources and javadoc] INFO  o.e.m.c.i.e.AbstractTransferListenerAdapter - Downloaded https://repo.maven.apache.org/maven2/junit/junit/3.8.1/junit-3.8.1-sources.jar
2026-09-23 10:13:46,490 [Worker-13: Download sources and javadoc] INFO  o.e.m.j.internal.DownloadSourcesJob - Downloaded sources for junit:junit:3.8.1
2026-09-23 10:13:46,550 [Worker-8: Creating maven-archetype-quickstart] INFO  o.e.m.c.i.e.AbstractTransferListenerAdapter - Downloading https://repo.maven.apache.org/maven2/org/junit/junit-bom/5.11.0-M2/junit-bom-5.11.0-M2.pom
2026-09-23 10:13:46,571 [Worker-8: Creating maven-archetype-quickstart] INFO  o.e.m.c.i.e.AbstractTransferListenerAdapter - Downloaded https://repo.maven.apache.org/maven2/org/junit/junit-bom/5.11.0-M2/junit-bom-5.11.0-M2.pom
2026-09-23 10:13:46,617 [Worker-8: Creating maven-archetype-quickstart] INFO  o.e.m.c.i.e.AbstractTransferListenerAdapter - Downloading https://repo.maven.apache.org/maven2/org/apache/commons/commons-lang3/3.20.0/commons-lang3-3.20.0.pom
2026-09-23 10:13:46,640 [Worker-8: Creating maven-archetype-quickstart] INFO  o.e.m.c.i.e.AbstractTransferListenerAdapter - Downloaded https://repo.maven.apache.org/maven2/org/apache/commons/commons-lang3/3.20.0/commons-lang3-3.20.0.pom
2026-09-23 10:13:46,695 [Worker-8: Creating maven-archetype-quickstart] INFO  o.e.m.c.i.e.AbstractTransferListenerAdapter - Downloading https://repo.maven.apache.org/maven2/org/apache/commons/commons-parent/92/commons-parent-92.pom
2026-09-23 10:13:46,717 [Worker-8: Creating maven-archetype-quickstart] INFO  o.e.m.c.i.e.AbstractTransferListenerAdapter - Downloaded https://repo.maven.apache.org/maven2/org/apache/commons/commons-parent/92/commons-parent-92.pom
2026-09-23 10:13:46,769 [Worker-8: Creating maven-archetype-quickstart] INFO  o.e.m.c.i.e.AbstractTransferListenerAdapter - Downloading https://repo.maven.apache.org/maven2/org/apache/maven/shared/maven-filtering/3.4.0/maven-filtering-3.4.0.jar
2026-09-23 10:13:46,792 [Worker-8: Creating maven-archetype-quickstart] INFO  o.e.m.c.i.e.AbstractTransferListenerAdapter - Downloaded https://repo.maven.apache.org/maven2/org/apache/maven/shared/maven-filtering/3.4.0/maven-filtering-3.4.0.jar
2026-09-23 10:13:46,829 [BasicRepositoryConnector-repo.maven.apache.org-2-1] INFO  o.e.m.c.i.e.AbstractTransferListenerAdapter - Downloading https://repo.maven.apache.org/maven2/org/codehaus/plexus/plexus-interpolation/1.27/plexus-interpolation-1.27.jar
2026-09-23 10:13:46,830 [BasicRepositoryConnector-repo.maven.apache.org-2-2] INFO  o.e.m.c.i.e.AbstractTransferListenerAdapter - Downloading https://repo.maven.apache.org/maven2/commons-io/commons-io/2.16.1/commons-io-2.16.1.jar
2026-09-23 10:13:46,837 [BasicRepositoryConnector-repo.maven.apache.org-2-3] INFO  o.e.m.c.i.e.AbstractTransferListenerAdapter - Downloading https://repo.maven.apache.org/maven2/org/apache/commons/commons-lang3/3.20.0/commons-lang3-3.20.0.jar
2026-09-23 10:13:46,842 [BasicRepositoryConnector-repo.maven.apache.org-2-0] INFO  o.e.m.c.i.e.AbstractTransferListenerAdapter - Downloading https://repo.maven.apache.org/maven2/org/sonatype/plexus/plexus-build-api/0.0.7/plexus-build-api-0.0.7.jar
2026-09-23 10:13:46,861 [BasicRepositoryConnector-repo.maven.apache.org-2-1] INFO  o.e.m.c.i.e.AbstractTransferListenerAdapter - Downloaded https://repo.maven.apache.org/maven2/org/codehaus/plexus/plexus-interpolation/1.27/plexus-interpolation-1.27.jar
2026-09-23 10:13:46,893 [BasicRepositoryConnector-repo.maven.apache.org-2-2] INFO  o.e.m.c.i.e.AbstractTransferListenerAdapter - Downloaded https://repo.maven.apache.org/maven2/commons-io/commons-io/2.16.1/commons-io-2.16.1.jar
2026-09-23 10:13:46,927 [BasicRepositoryConnector-repo.maven.apache.org-2-3] INFO  o.e.m.c.i.e.AbstractTransferListenerAdapter - Downloaded https://repo.maven.apache.org/maven2/org/apache/commons/commons-lang3/3.20.0/commons-lang3-3.20.0.jar
2026-09-23 10:13:47,206 [BasicRepositoryConnector-repo.maven.apache.org-2-0] INFO  o.e.m.c.i.e.AbstractTransferListenerAdapter - Downloaded https://repo.maven.apache.org/maven2/org/sonatype/plexus/plexus-build-api/0.0.7/plexus-build-api-0.0.7.jar
2026-09-23 10:13:47,285 [Worker-8: Creating maven-archetype-quickstart] INFO  o.e.m.j.i.AbstractJavaProjectConfigurator - Adding source folder /JF/src/main/java
2026-09-23 10:13:47,287 [Worker-8: Creating maven-archetype-quickstart] INFO  o.e.m.j.i.AbstractJavaProjectConfigurator - Adding resource folder /JF/src/main/resources
2026-09-23 10:13:47,294 [Worker-8: Creating maven-archetype-quickstart] INFO  o.e.m.j.i.AbstractJavaProjectConfigurator - Adding source folder /JF/src/test/java
2026-09-23 10:13:47,296 [Worker-8: Creating maven-archetype-quickstart] INFO  o.e.m.j.i.AbstractJavaProjectConfigurator - Adding resource folder /JF/src/test/resources
2026-09-23 10:13:47,909 [Worker-8: Creating maven-archetype-quickstart] WARN  o.apache.maven.project.MavenProject - Plugin is modifying compileSourceRoots through clear(), which will not work in Maven 4.0.0. Use MavenProject.addCompileSourceRoot()/removeCompileSourceRoot() methods instead. If using a plugin, please upgrade to the latest version or report the issue to the plugin maintainer. To disable these warnings, set -Dmaven.project.sourceRoots.warningsDisabled=true on the command line, in the .mvn/maven.config file, or in project POM properties.
2026-09-23 10:13:47,910 [Worker-8: Creating maven-archetype-quickstart] WARN  o.apache.maven.project.MavenProject - Plugin is modifying compileSourceRoots through add(), which will not work in Maven 4.0.0. Use MavenProject.addCompileSourceRoot()/removeCompileSourceRoot() methods instead. If using a plugin, please upgrade to the latest version or report the issue to the plugin maintainer. To disable these warnings, set -Dmaven.project.sourceRoots.warningsDisabled=true on the command line, in the .mvn/maven.config file, or in project POM properties.
2026-09-23 10:13:47,910 [Worker-8: Creating maven-archetype-quickstart] WARN  o.apache.maven.project.MavenProject - Plugin is modifying testCompileSourceRoots through clear(), which will not work in Maven 4.0.0. Use MavenProject.addTestCompileSourceRoot()/removeTestCompileSourceRoot() methods instead. If using a plugin, please upgrade to the latest version or report the issue to the plugin maintainer. To disable these warnings, set -Dmaven.project.sourceRoots.warningsDisabled=true on the command line, in the .mvn/maven.config file, or in project POM properties.
2026-09-23 10:13:47,911 [Worker-8: Creating maven-archetype-quickstart] WARN  o.apache.maven.project.MavenProject - Plugin is modifying testCompileSourceRoots through add(), which will not work in Maven 4.0.0. Use MavenProject.addTestCompileSourceRoot()/removeTestCompileSourceRoot() methods instead. If using a plugin, please upgrade to the latest version or report the issue to the plugin maintainer. To disable these warnings, set -Dmaven.project.sourceRoots.warningsDisabled=true on the command line, in the .mvn/maven.config file, or in project POM properties.
2026-09-23 10:13:47,926 [Worker-8: Creating maven-archetype-quickstart] INFO  o.e.m.c.i.p.ProjectConfigurationManager - Imported and configured 1 project(s) in 9 sec
2026-09-23 10:13:48,308 [Worker-11: Building] INFO  o.a.m.s.f.DefaultMavenResourcesFiltering - skip non existing resourceDirectory C:\Users\josef\Desktop\JF\Universidad\Tercero\1er Cuatri\Tecnologías de Desarrollo de Software\Prácticas\Proyecto\JF\src\main\resources
2026-09-23 10:13:48,311 [Worker-11: Building] INFO  o.a.m.s.f.DefaultMavenResourcesFiltering - skip non existing resourceDirectory C:\Users\josef\Desktop\JF\Universidad\Tercero\1er Cuatri\Tecnologías de Desarrollo de Software\Prácticas\Proyecto\JF\src\test\resources
2026-09-23 10:13:48,552 [Worker-11: Building] WARN  o.apache.maven.project.MavenProject - Plugin is modifying compileSourceRoots through clear(), which will not work in Maven 4.0.0. Use MavenProject.addCompileSourceRoot()/removeCompileSourceRoot() methods instead. If using a plugin, please upgrade to the latest version or report the issue to the plugin maintainer. To disable these warnings, set -Dmaven.project.sourceRoots.warningsDisabled=true on the command line, in the .mvn/maven.config file, or in project POM properties.
2026-09-23 10:13:48,553 [Worker-11: Building] WARN  o.apache.maven.project.MavenProject - Plugin is modifying compileSourceRoots through add(), which will not work in Maven 4.0.0. Use MavenProject.addCompileSourceRoot()/removeCompileSourceRoot() methods instead. If using a plugin, please upgrade to the latest version or report the issue to the plugin maintainer. To disable these warnings, set -Dmaven.project.sourceRoots.warningsDisabled=true on the command line, in the .mvn/maven.config file, or in project POM properties.
2026-09-23 10:13:48,553 [Worker-11: Building] WARN  o.apache.maven.project.MavenProject - Plugin is modifying testCompileSourceRoots through clear(), which will not work in Maven 4.0.0. Use MavenProject.addTestCompileSourceRoot()/removeTestCompileSourceRoot() methods instead. If using a plugin, please upgrade to the latest version or report the issue to the plugin maintainer. To disable these warnings, set -Dmaven.project.sourceRoots.warningsDisabled=true on the command line, in the .mvn/maven.config file, or in project POM properties.
2026-09-23 10:13:48,554 [Worker-11: Building] WARN  o.apache.maven.project.MavenProject - Plugin is modifying testCompileSourceRoots through add(), which will not work in Maven 4.0.0. Use MavenProject.addTestCompileSourceRoot()/removeTestCompileSourceRoot() methods instead. If using a plugin, please upgrade to the latest version or report the issue to the plugin maintainer. To disable these warnings, set -Dmaven.project.sourceRoots.warningsDisabled=true on the command line, in the .mvn/maven.config file, or in project POM properties.
